../Core/Src/main.c:99:5:main	16	static
../Core/Src/main.c:246:6:SystemClock_Config	88	static
../Core/Src/main.c:288:6:CAN1_SetFilter	40	static
../Core/Src/main.c:307:6:CAN2_SetFilter	40	static
../Core/Src/main.c:326:6:CAN1_SetTxHeader	4	static
../Core/Src/main.c:338:6:CAN2_SetTxHeader	4	static
../Core/Src/main.c:350:6:HAL_FDCAN_RxFifo0Callback	16	static
../Core/Src/main.c:357:6:HAL_FDCAN_RxFifo1Callback	16	static
../Core/Src/main.c:364:6:CAN_Diagnose_Status	96	static
../Core/Src/main.c:427:19:CAN_Setup_Debug_Notifications	16	static
../Core/Src/main.c:435:6:HAL_FDCAN_ErrorStatusCallback	16	static
../Core/Src/main.c:455:6:BSP_PB_Callback	16	static
../Core/Src/main.c:467:6:Error_Handler	8	static,ignoring_inline_asm
